
=========================================================================================================
Cardinality misestimate diagnosis for SQL_ID=bp80ayhsn76x4 CHILD_NUMBER=0 APPLY_PENDING=NO
=========================================================================================================
NOTE: Cursor-cache analysis (v$sql_plan_statistics_all). APPLY_PENDING controls optional pending-gather only.

--- 0) Selected cursor details --

SQL_ID              CHILD_NUMBER IS_OBSOLETE    LAST_ACTIVE_TIME       PARSING_SCHEMA_NAME       FORCE_MATCHING_SIGNATURE     PLAN_HASH    EXECS    AVG_ETIME    AVG_PIO    AVG_LIO    AVG_CPU_TIME SQL_TEXT
________________ _______________ ______________ ______________________ ______________________ ___________________________ _____________ ________ ____________ __________ __________ _______________ _________________________________________________________________________________________________________________
bp80ayhsn76x4                  0 N              2026-03-23 14:12:24    HR                             3243653306662341510    1343509718        5    0.0006146          0       12.4           433.8 SELECT /*+gather_plan_statistics */ * FROM Employees E JOIN Departments D on E.Department_ID = D.DEPARTMENT_ID

1 row selected.


--- 1) Full execution plan with real-time stats --

PLAN_TABLE_OUTPUT
____________________________________________________________________________________________________________________________________________________________________
SQL_ID  bp80ayhsn76x4, child number 0
-------------------------------------
SELECT /*+gather_plan_statistics */ * FROM Employees E JOIN Departments
D on E.Department_ID = D.DEPARTMENT_ID

Plan hash value: 1343509718

-----------------------------------------------------------------------------------------------------------------------------------------------------------------
| Id  | Operation                    | Name        | Starts | E-Rows |E-Bytes| Cost (%CPU)| E-Time   | A-Rows |   A-Time   | Buffers |  OMem |  1Mem | Used-Mem |
-----------------------------------------------------------------------------------------------------------------------------------------------------------------
|   0 | SELECT STATEMENT             |             |      1 |        |       |     6 (100)|          |    106 |00:00:00.01 |      12 |       |       |          |
|   1 |  MERGE JOIN                  |             |      1 |    106 |  9540 |     6  (17)| 00:00:01 |    106 |00:00:00.01 |      12 |       |       |          |
|   2 |   TABLE ACCESS BY INDEX ROWID| DEPARTMENTS |      1 |     27 |   567 |     2   (0)| 00:00:01 |     27 |00:00:00.01 |       6 |       |       |          |
|   3 |    INDEX FULL SCAN           | DEPT_ID_PK  |      1 |     27 |       |     1   (0)| 00:00:01 |     27 |00:00:00.01 |       3 |       |       |          |
|*  4 |   SORT JOIN                  |             |     27 |    107 |  7383 |     4  (25)| 00:00:01 |    106 |00:00:00.01 |       6 | 22528 | 22528 |20480  (0)|
|   5 |    TABLE ACCESS FULL         | EMPLOYEES   |      1 |    107 |  7383 |     3   (0)| 00:00:01 |    107 |00:00:00.01 |       6 |       |       |          |
-----------------------------------------------------------------------------------------------------------------------------------------------------------------

Query Block Name / Object Alias (identified by operation id):
-------------------------------------------------------------

   1 - SEL$58A6D7F6
   2 - SEL$58A6D7F6 / D@SEL$1
   3 - SEL$58A6D7F6 / D@SEL$1
   5 - SEL$58A6D7F6 / E@SEL$1

Outline Data
-------------

  /*+
      BEGIN_OUTLINE_DATA
      IGNORE_OPTIM_EMBEDDED_HINTS
      OPTIMIZER_FEATURES_ENABLE('19.1.0')
      DB_VERSION('19.1.0')
      OPT_PARAM('_optimizer_use_feedback' 'false')
      OPT_PARAM('_px_adaptive_dist_method' 'off')
      OPT_PARAM('_optimizer_strans_adaptive_pruning' 'false')
      OPT_PARAM('_optimizer_nlj_hj_adaptive_join' 'false')
      ALL_ROWS
      OUTLINE_LEAF(@"SEL$58A6D7F6")
      MERGE(@"SEL$1" >"SEL$2")
      OUTLINE(@"SEL$2")
      OUTLINE(@"SEL$1")
      INDEX(@"SEL$58A6D7F6" "D"@"SEL$1" ("DEPARTMENTS"."DEPARTMENT_ID"))
      FULL(@"SEL$58A6D7F6" "E"@"SEL$1")
      LEADING(@"SEL$58A6D7F6" "D"@"SEL$1" "E"@"SEL$1")
      USE_MERGE(@"SEL$58A6D7F6" "E"@"SEL$1")
      END_OUTLINE_DATA
  */

Predicate Information (identified by operation id):
---------------------------------------------------

   4 - access("E"."DEPARTMENT_ID"="D"."DEPARTMENT_ID")
       filter("E"."DEPARTMENT_ID"="D"."DEPARTMENT_ID")

Column Projection Information (identified by operation id):
-----------------------------------------------------------

   1 - "D"."DEPARTMENT_ID"[NUMBER,22], "E"."DEPARTMENT_ID"[NUMBER,22], "D"."LOCATION_ID"[NUMBER,22], "D"."DEPARTMENT_NAME"[VARCHAR2,30],
       "D"."MANAGER_ID"[NUMBER,22], "E"."EMPLOYEE_ID"[NUMBER,22], "E"."FIRST_NAME"[VARCHAR2,20], "E"."LAST_NAME"[VARCHAR2,25], "E"."EMAIL"[VARCHAR2,25],
       "E"."PHONE_NUMBER"[VARCHAR2,20], "E"."HIRE_DATE"[DATE,7], "E"."JOB_ID"[VARCHAR2,10], "E"."SALARY"[NUMBER,22], "E"."COMMISSION_PCT"[NUMBER,22],
       "E"."MANAGER_ID"[NUMBER,22]
   2 - "D"."DEPARTMENT_ID"[NUMBER,22], "D"."DEPARTMENT_NAME"[VARCHAR2,30], "D"."MANAGER_ID"[NUMBER,22], "D"."LOCATION_ID"[NUMBER,22]
   3 - "D".ROWID[ROWID,10], "D"."DEPARTMENT_ID"[NUMBER,22]
   4 - (#keys=1) "E"."DEPARTMENT_ID"[NUMBER,22], "E"."EMPLOYEE_ID"[NUMBER,22], "E"."FIRST_NAME"[VARCHAR2,20], "E"."LAST_NAME"[VARCHAR2,25],
       "E"."EMAIL"[VARCHAR2,25], "E"."PHONE_NUMBER"[VARCHAR2,20], "E"."HIRE_DATE"[DATE,7], "E"."JOB_ID"[VARCHAR2,10], "E"."SALARY"[NUMBER,22],
       "E"."COMMISSION_PCT"[NUMBER,22], "E"."MANAGER_ID"[NUMBER,22]
   5 - "E"."EMPLOYEE_ID"[NUMBER,22], "E"."FIRST_NAME"[VARCHAR2,20], "E"."LAST_NAME"[VARCHAR2,25], "E"."EMAIL"[VARCHAR2,25],
       "E"."PHONE_NUMBER"[VARCHAR2,20], "E"."HIRE_DATE"[DATE,7], "E"."JOB_ID"[VARCHAR2,10], "E"."SALARY"[NUMBER,22], "E"."COMMISSION_PCT"[NUMBER,22],
       "E"."MANAGER_ID"[NUMBER,22], "E"."DEPARTMENT_ID"[NUMBER,22]


72 rows selected.


--- 1b) Real-time row-source stats availability check -- prompt (If missing, cardinality diagnosis is limited because A-Rows are not populated.)
OK: real-time row-source statistics detected (last_output_rows populated).


PL/SQL procedure successfully completed.


--- 3) Cardinality misestimate hotspots (highest mismatch first) --

HOTSPOTS_STATUS
______________________________________________________________________
INFO: real-time stats available -> computing hotspot discrepancies.

1 row selected.



0 rows selected.


--- 4) Predicate alias/column extraction for hotspot steps (best effort) --


0 rows selected.


--- 5) Stats health for implicated objects/columns --


0 rows selected.


--- 6) Existing extension stats on implicated tables --


0 rows selected.


--- 7) Advisory recommendations and generated commands (not executed) --

ADVISORY_STATUS
__________________________________________________________________________
INFO: real-time stats available -> generating advisory recommendations.

1 row selected.


RECOMMENDATION
____________________________________________________________
HOTSPOT ID 0 -> mismatch=107, OP=SELECT STATEMENT , OBJ=.

1 row selected.


--- 8) Optional APPLY_PENDING execution (pending gather only; never publish) --
APPLY_PENDING=NO -> advisory mode only, no DBMS_STATS gather executed.


PL/SQL procedure successfully completed.


--- 9) Pending stats visibility for implicated tables --


0 rows selected.


--- 10) Suggested validation workflow --
1) Test session with pending stats ON:
     alter session set optimizer_use_pending_statistics=true;
     -- run the target SQL with /*+ gather_plan_statistics */
     select * from table(dbms_xplan.display_cursor(null,null,'ALLSTATS LAST ALL +PREDICATE +NOTE'));
2) Baseline session with pending stats OFF:
     alter session set optimizer_use_pending_statistics=false;
     -- run same SQL and compare elapsed/cpu/buffer gets/rowsource A-rows vs E-rows
3) If validated, publish (manual command, not executed by this script):
     exec dbms_stats.publish_pending_stats('<OWNER>','<TABLE_NAME>');


PL/SQL procedure successfully completed.

